// Jest Snapshot v1, https://goo.gl/fbAQLP

exports[`Members Render Members with Data from Mock 1`] = `
<div>
  <main
    class="main-0-2-1"
  >
    <h1>
      Users on plan
    </h1>
    <table
      class="table text-left"
    >
      <thead>
        <tr>
          <th
            scope="col"
            style="width: 50%;"
          >
            Name
          </th>
          <th
            scope="col"
            style="width: 0px; padding: 0px;"
          />
          <th
            scope="col"
            style="width: 40%; padding-left: 35px;"
          >
            Email
          </th>
          <th
            scope="col"
            style="width: 10%;"
          >
            Status
          </th>
          <th
            scope="col"
            style="width: 0px; padding: 0px;"
          />
        </tr>
      </thead>
      <tbody>
        <tr
          class=""
        >
          <td
            class="name"
          >
            <img
              alt=""
              height="20px"
              src="Oval.svg"
              width="20px"
            />
            Mario Panariello
          </td>
          <td
            class="owner"
          >
            <button>
              Owner
            </button>
          </td>
          <td
            class="email"
          >
            mario.panariello@lastingdynamics.com
          </td>
          <td>
            <h5
              class="active"
            >
              Active
            </h5>
          </td>
          <td
            class="points"
          >
            ...
          </td>
        </tr>
        <span
          class="sb"
        />
        <tr
          class=""
        >
          <td
            class="name"
          >
            <img
              alt=""
              height="20px"
              src="Oval.svg"
              width="20px"
            />
            Brandon Watson
          </td>
          <td
            class="owner"
          />
          <td
            class="email"
          >
            mario.panariello@lastingdynamics.com
          </td>
          <td>
            <h5
              class="active"
            >
              Active
            </h5>
          </td>
          <td
            class="points"
          >
            ...
          </td>
        </tr>
        <span
          class="sb"
        />
        <tr
          class="inact"
        >
          <td
            class="name"
          >
            <img
              alt=""
              height="20px"
              src="Oval.svg"
              width="20px"
            />
            Norma Copper
          </td>
          <td
            class="owner"
          />
          <td
            class="email"
          >
            mario.panariello@lastingdynamics.com
          </td>
          <td>
            <h5
              class="inactive"
            >
              Inactive
            </h5>
          </td>
          <td
            class="points"
          >
            ...
          </td>
        </tr>
        <span
          class="sb"
        />
        <tr
          class="inact"
        >
          <td
            class="name"
          >
            <img
              alt=""
              height="20px"
              src="Oval.svg"
              width="20px"
            />
            Mario Panariello
          </td>
          <td
            class="owner"
          />
          <td
            class="email"
          >
            mario.panariello@lastingdynamics.com
          </td>
          <td>
            <h5
              class="inactive"
            >
              Inactive
            </h5>
          </td>
          <td
            class="points"
          >
            ...
          </td>
        </tr>
        <span
          class="sb"
        />
        <tr
          class=""
        >
          <td
            class="name"
          >
            <img
              alt=""
              height="20px"
              src="Oval.svg"
              width="20px"
            />
            Mario Panariello
          </td>
          <td
            class="owner"
          >
            <button>
              Owner
            </button>
          </td>
          <td
            class="email"
          >
            mario.panariello@lastingdynamics.com
          </td>
          <td>
            <h5
              class="active"
            >
              Active
            </h5>
          </td>
          <td
            class="points"
          >
            ...
          </td>
        </tr>
        <span
          class="sb"
        />
      </tbody>
    </table>
  </main>
</div>
`;

exports[`Objectives Render Objectives with Data from Mock 1`] = `
<div>
  <main
    class="main-0-2-1"
  >
    <h1>
      Users on plan
    </h1>
    <table
      class="table text-left"
    >
      <thead>
        <tr>
          <th
            scope="col"
            style="width: 50%;"
          >
            Name
          </th>
          <th
            scope="col"
            style="width: 0px; padding: 0px;"
          />
          <th
            scope="col"
            style="width: 40%; padding-left: 35px;"
          >
            Email
          </th>
          <th
            scope="col"
            style="width: 10%;"
          >
            Status
          </th>
          <th
            scope="col"
            style="width: 0px; padding: 0px;"
          />
        </tr>
      </thead>
      <tbody>
        <tr
          class=""
        >
          <td
            class="name"
          >
            <img
              alt=""
              height="20px"
              src="Oval.svg"
              width="20px"
            />
            Mario Panariello
          </td>
          <td
            class="owner"
          >
            <button>
              Owner
            </button>
          </td>
          <td
            class="email"
          >
            mario.panariello@lastingdynamics.com
          </td>
          <td>
            <h5
              class="active"
            >
              Active
            </h5>
          </td>
          <td
            class="points"
          >
            ...
          </td>
        </tr>
        <span
          class="sb"
        />
        <tr
          class=""
        >
          <td
            class="name"
          >
            <img
              alt=""
              height="20px"
              src="Oval.svg"
              width="20px"
            />
            Brandon Watson
          </td>
          <td
            class="owner"
          />
          <td
            class="email"
          >
            mario.panariello@lastingdynamics.com
          </td>
          <td>
            <h5
              class="active"
            >
              Active
            </h5>
          </td>
          <td
            class="points"
          >
            ...
          </td>
        </tr>
        <span
          class="sb"
        />
        <tr
          class="inact"
        >
          <td
            class="name"
          >
            <img
              alt=""
              height="20px"
              src="Oval.svg"
              width="20px"
            />
            Norma Copper
          </td>
          <td
            class="owner"
          />
          <td
            class="email"
          >
            mario.panariello@lastingdynamics.com
          </td>
          <td>
            <h5
              class="inactive"
            >
              Inactive
            </h5>
          </td>
          <td
            class="points"
          >
            ...
          </td>
        </tr>
        <span
          class="sb"
        />
        <tr
          class="inact"
        >
          <td
            class="name"
          >
            <img
              alt=""
              height="20px"
              src="Oval.svg"
              width="20px"
            />
            Mario Panariello
          </td>
          <td
            class="owner"
          />
          <td
            class="email"
          >
            mario.panariello@lastingdynamics.com
          </td>
          <td>
            <h5
              class="inactive"
            >
              Inactive
            </h5>
          </td>
          <td
            class="points"
          >
            ...
          </td>
        </tr>
        <span
          class="sb"
        />
        <tr
          class=""
        >
          <td
            class="name"
          >
            <img
              alt=""
              height="20px"
              src="Oval.svg"
              width="20px"
            />
            Mario Panariello
          </td>
          <td
            class="owner"
          >
            <button>
              Owner
            </button>
          </td>
          <td
            class="email"
          >
            mario.panariello@lastingdynamics.com
          </td>
          <td>
            <h5
              class="active"
            >
              Active
            </h5>
          </td>
          <td
            class="points"
          >
            ...
          </td>
        </tr>
        <span
          class="sb"
        />
      </tbody>
    </table>
  </main>
</div>
`;
