// Jest Snapshot v1, https://goo.gl/fbAQLP

exports[`Forgot Render Forgot component 1`] = `
<button
  class="MuiButtonBase-root MuiButton-root MuiButton-contained MuiButton-containedPrimary MuiButton-sizeMedium MuiButton-containedSizeMedium MuiButton-disableElevation MuiButton-root MuiButton-contained MuiButton-containedPrimary MuiButton-sizeMedium MuiButton-containedSizeMedium MuiButton-disableElevation css-1bbzxwz-MuiButtonBase-root-MuiButton-root"
  name="recover"
  tabindex="0"
  type="button"
>
  Recover your password
  <span
    class="MuiTouchRipple-root css-8je8zh-MuiTouchRipple-root"
  />
</button>
`;
