// Jest Snapshot v1, https://goo.gl/fbAQLP

exports[`CardBox Render Register component 1`] = `
<button
  class="MuiButtonBase-root MuiButton-root MuiButton-contained MuiButton-containedSuccess MuiButton-sizeMedium MuiButton-containedSizeMedium MuiButton-disableElevation MuiButton-root MuiButton-contained MuiButton-containedSuccess MuiButton-sizeMedium MuiButton-containedSizeMedium MuiButton-disableElevation css-u4uqdt-MuiButtonBase-root-MuiButton-root"
  name="next"
  tabindex="0"
  type="button"
>
  Next
  <span
    class="MuiTouchRipple-root css-8je8zh-MuiTouchRipple-root"
  />
</button>
`;

exports[`Register Render Register component 1`] = `
<button
  class="MuiButtonBase-root MuiButton-root MuiButton-contained MuiButton-containedSuccess MuiButton-sizeMedium MuiButton-containedSizeMedium MuiButton-disableElevation MuiButton-root MuiButton-contained MuiButton-containedSuccess MuiButton-sizeMedium MuiButton-containedSizeMedium MuiButton-disableElevation css-u4uqdt-MuiButtonBase-root-MuiButton-root"
  name="next"
  tabindex="0"
  type="button"
>
  Next
  <span
    class="MuiTouchRipple-root css-8je8zh-MuiTouchRipple-root"
  />
</button>
`;
