// Jest Snapshot v1, https://goo.gl/fbAQLP

exports[`SidBar Render Navbar component 1`] = `
<div>
  <div
    class="sidbar-0-2-1"
  >
    <div
      class="container"
    >
      <div
        class="up"
      >
        <button
          class="humberger"
        >
          <span />
          <span />
          <span />
        </button>
        <div
          class="elem"
        >
          <img
            alt="logo"
            src="logos.svg"
          />
        </div>
        <a
          class="elem"
          href="/profile"
        >
           
          <img
            alt="trello"
            src="trello.svg"
          />
        </a>
        <a
          class="elem"
          href="/dashboard"
        >
          <img
            alt="home"
            src="home.svg"
          />
        </a>
        <a
          class="elem"
          href="/objectives"
        >
          <img
            alt="settings"
            src="settings.svg"
          />
        </a>
        <span
          class="divider"
        />
        <div
          class="elem"
        >
          <img
            alt="member"
            src="member.svg"
          />
        </div>
      </div>
      <div
        class="down"
      >
        <div
          class="img"
        >
          <img
            alt="oval"
            src="Oval2.svg"
          />
        </div>
        <div
          class="img"
        >
          <img
            alt="help"
            src="help.svg"
          />
        </div>
        <div
          class="img"
        >
          <img
            alt="exit"
            src="exit.svg"
          />
        </div>
      </div>
    </div>
  </div>
</div>
`;

exports[`SidBar Render SidBar Component 1`] = `
<div>
  <div
    class="sidbar-0-2-1"
  >
    <div
      class="container"
    >
      <div
        class="up"
      >
        <button
          class="humberger"
        >
          <span />
          <span />
          <span />
        </button>
        <div
          class="elem"
        >
          <img
            alt="logo"
            src="logos.svg"
          />
        </div>
        <a
          class="elem"
          href="/profile"
        >
           
          <img
            alt="trello"
            src="trello.svg"
          />
        </a>
        <a
          class="elem"
          href="/dashboard"
        >
          <img
            alt="home"
            src="home.svg"
          />
        </a>
        <a
          class="elem"
          href="/objectives"
        >
          <img
            alt="settings"
            src="settings.svg"
          />
        </a>
        <span
          class="divider"
        />
        <div
          class="elem"
        >
          <img
            alt="member"
            src="member.svg"
          />
        </div>
      </div>
      <div
        class="down"
      >
        <div
          class="img"
        >
          <img
            alt="oval"
            src="Oval2.svg"
          />
        </div>
        <div
          class="img"
        >
          <img
            alt="help"
            src="help.svg"
          />
        </div>
        <div
          class="img"
        >
          <img
            alt="exit"
            src="exit.svg"
          />
        </div>
      </div>
    </div>
  </div>
</div>
`;

exports[`src/components/layout/navbar Render Navbar component 1`] = `
<div>
  <div
    class="sidbar-0-2-1"
  >
    <div
      class="container"
    >
      <div
        class="up"
      >
        <button
          class="humberger"
        >
          <span />
          <span />
          <span />
        </button>
        <div
          class="elem"
        >
          <img
            alt="logo"
            src="logos.svg"
          />
        </div>
        <a
          class="elem"
          href="/profile"
        >
           
          <img
            alt="trello"
            src="trello.svg"
          />
        </a>
        <a
          class="elem"
          href="/dashboard"
        >
          <img
            alt="home"
            src="home.svg"
          />
        </a>
        <a
          class="elem"
          href="/objectives"
        >
          <img
            alt="settings"
            src="settings.svg"
          />
        </a>
        <span
          class="divider"
        />
        <div
          class="elem"
        >
          <img
            alt="member"
            src="member.svg"
          />
        </div>
      </div>
      <div
        class="down"
      >
        <div
          class="img"
        >
          <img
            alt="oval"
            src="Oval2.svg"
          />
        </div>
        <div
          class="img"
        >
          <img
            alt="help"
            src="help.svg"
          />
        </div>
        <div
          class="img"
        >
          <img
            alt="exit"
            src="exit.svg"
          />
        </div>
      </div>
    </div>
  </div>
</div>
`;
